Working File( Miro + Excel Visuals + PowerPoint)/Sales Analysis.csv
DATE,SALES,COST_OF_SALES,QUANTITY_SOLD,DAILY_UNIT_PRICE,AVG_UNIT_PRICE,GROSS_PROFIT,DAILY_GROSS_PROFIT_PCT,GROSS_PROFIT_PER_UNIT
1/1/2014,86782.46773,87986.31821,2678,32.40570116878,37.07285158158657,-1203.85048,-1.38720471000,-0.44953341299
1/1/2015,112161.41960,122170.43170,2905,38.60978299484,37.07285158158657,-10009.01210,-8.92375661400,-3.44544306368
1/1/2016,111650.23980,121448.28380,3179,35.12118269896,37.07285158158657,-9798.04400,-8.77565871600,-3.08211513054
1/10/2014,594438.28080,639306.56880,18330,32.42980255319,37.07285158158657,-44868.28800,-7.54801456300,-2.44780621931
1/10/2015,402312.33320,459285.80450,12065,33.34540681310,37.07285158158657,-56973.47130,-14.16150254400,-4.72221063407
1/10/2016,208489.09030,201416.83760,5632,37.01865949929,37.07285158158657,7072.25270,3.39214521500,1.25572668679
1/11/2014,247453.10220,242638.80120,6730,36.76866303120,37.07285158158657,4814.30100,1.94554077400,0.71534933135
1/11/2015,274814.77810,287978.17490,7459,36.84338089556,37.07285158158657,-13163.39680,-4.78991591800,-1.76476696608
1/11/2016,126954.17020,110698.74290,2971,42.73112426792,37.07285158158657,16255.42730,12.80416962600,5.47136563447
1/12/2014,105100.66760,97257.39467,2492,42.17522776886,37.07285158158657,7843.27293,7.46262902900,3.14738079053
1/12/2015,262394.78000,285838.55680,7474,35.10767728124,37.07285158158657,-23443.77680,-8.93454389600,-3.13671083757
1/2/2014,181209.12850,178435.71530,5304,34.16461698718,37.07285158158657,2773.41320,1.53050413200,0.52289087481
1/2/2015,171469.93050,174652.45800,4165,41.16925102041,37.07285158158657,-3182.52750,-1.85602658800,-0.76411224490
1/2/2016,339004.33690,371177.18690,10153,33.38957321974,37.07285158158657,-32172.85000,-9.49039481200,-3.16880232444
1/3/2014,846678.38820,872081.58500,26410,32.05900750473,37.07285158158657,-25403.19680,-3.00033603700,-0.96187795532
1/3/2015,256701.54270,276569.25040,6803,37.73357970013,37.07285158158657,-19867.70770,-7.73961367400,-2.92043329413
1/3/2016,180828.67410,182962.33700,4719,38.31927825811,37.07285158158657,-2133.66290,-1.17993615300,-0.45214301759
1/4/2014,244535.20520,239700.68480,7155,34.17682812020,37.07285158158657,4834.52040,1.97702428800,0.67568419287
1/4/2015,498894.34390,542483.83580,13207,37.77499385932,37.07285158158657,-43589.49190,-8.73721909900,-3.30048397819
1/4/2016,232410.19800,245358.63000,6282,36.99621107927,37.07285158158657,-12948.43200,-5.57136997900,-2.06119579752
1/5/2014,180294.26870,175656.65040,5124,35.18623510929,37.07285158158657,4637.61830,2.57224943100,0.90507773224
1/5/2015,499703.41470,526206.93720,12937,38.62591131638,37.07285158158657,-26503.52250,-5.30385058800,-2.04866062457
1/5/2016,354856.04490,380511.15920,10388,34.16018915094,37.07285158158657,-25655.11430,-7.22972446700,-2.46968755295
1/6/2014,456017.46310,473223.98070,14188,32.14106731745,37.07285158158657,-17206.51760,-3.77321462300,-1.21275145193
1/6/2015,440905.99870,474967.32760,11688,37.72296361225,37.07285158158657,-34061.32890,-7.72530403300,-2.91421362936
1/6/2016,368789.57260,391923.65960,10761,34.27093881610,37.07285158158657,-23134.08700,-6.27297752400,-2.14980828919
1/7/2014,180183.03140,173842.92090,5143,35.03461625510,37.07285158158657,6340.11050,3.51870564700,1.23276502042
1/7/2015,305231.90810,324248.84150,8086,37.74819541182,37.07285158158657,-19016.93340,-6.23032287800,-2.35183445461
1/7/2016,479010.15670,517742.19260,14344,33.39446156581,37.07285158158657,-38732.03590,-8.08584856900,-2.70022559258
1/8/2014,611894.67320,636341.31590,18867,32.43200684794,37.07285158158657,-24446.64270,-3.99523705200,-1.29573555414
1/8/2015,173306.90650,178699.97590,4453,38.91913462834,37.07285158158657,-5393.06940,-3.11186063400,-1.21110922973
1/8/2016,65133.96620,55946.05656,1548,42.07620555556,37.07285158158657,9187.90964,14.10617251800,5.93534214470
1/9/2014,594953.63490,662850.99080,19366,30.72155503976,37.07285158158657,-67897.35590,-11.41220961000,-3.50600825674
1/9/2015,384806.77160,418101.59750,11257,34.18377645909,37.07285158158657,-33294.82590,-8.65234927200,-2.95769973350
1/9/2016,313491.73510,333030.87570,9183,34.13827018404,37.07285158158657,-19539.14060,-6.23274504900,-2.12775134488
10/1/2014,144829.95670,141333.99630,4246,34.10974015544,37.07285158158657,3495.96040,2.41383791000,0.82335383891
10/1/2015,120807.57420,123392.80410,2934,41.17504233129,37.07285158158657,-2585.22990,-2.13995680100,-0.88112811861
10/1/2016,90773.65306,84299.28824,2207,41.12988357952,37.07285158158657,6474.36482,7.13242730900,2.93355904848
10/10/2014,179841.43180,170757.58120,4891,36.76986951544,37.07285158158657,9083.85060,5.05103329600,1.85725835208
10/10/2015,119755.01160,116003.68690,3037,39.43200908792,37.07285158158657,3751.32470,3.13249913300,1.23520734277
10/10/2016,50934.98319,44983.77730,1263,40.32856942993,37.07285158158657,5951.20589,11.68392628700,4.71196032462
10/11/2014,76103.29152,73967.60569,2016,37.74964857143,37.07285158158657,2135.68583,2.80629889600,1.05936797123
10/11/2015,131436.19790,143823.38640,3744,35.10582208868,37.07285158158657,-12387.18850,-9.42448784900,-3.30854393697
10/11/2016,71529.16264,67551.25097,1666,42.93467145258,37.07285158158657,3977.91167,5.56124456500,2.38770208283
10/12/2014,161844.80940,169348.51860,4095,39.52254197802,37.07285158158657,-7503.70920,-4.63636073800,-1.83240761905
10/12/2015,133183.69370,137725.87610,3610,36.89298994460,37.07285158158657,-4542.18240,-3.41046435500,-1.25822227147
10/2/2014,147727.51620,154828.68460,4552,32.45332078207,37.07285158158657,-7101.16840,-4.80693684100,-1.56001063269
10/2/2015,138667.41590,148522.84900,3677,37.71210658145,37.07285158158657,-9855.43310,-7.10724508400,-2.68029184117
10/2/2016,76661.25003,66379.56360,1825,42.00616440000,37.07285158158657,10281.68643,13.41184291400,5.63380078356
10/3/2014,286230.67890,297642.89140,8932,32.04553055307,37.07285158158657,-11412.21250,-3.98706824300,-1.27767717197
10/3/2015,62499.79917,62073.87265,1518,41.17246322134,37.07285158158657,425.92652,0.68148462200,0.28058400527
10/3/2016,37453.00618,35108.20011,892,41.98767508969,37.07285158158657,2344.80607,6.26066185100,2.62870635650
10/4/2014,179326.49020,183278.50240,5380,33.33206137546,37.07285158158657,-3952.01220,-2.20380837000,-0.73457475836
10/4/2015,114067.07710,113653.97360,2770,41.17945021661,37.07285158158657,413.10350,0.36215839900,0.14913483755
10/4/2016,104689.42790,113609.30430,2958,35.39196345504,37.07285158158657,-8919.87640,-8.52032204100,-3.01550926302
10/5/2014,431695.70920,465253.81570,13306,32.44368774989,37.07285158158657,-33558.10650,-7.77355572100,-2.52202814520
10/5/2015,166536.00030,179243.05180,4410,37.76326537415,37.07285158158657,-12707.05150,-7.63021297300,-2.88141757370
10/5/2016,42723.52446,37112.98506,1016,42.05071305118,37.07285158158657,5610.53940,13.13220168700,5.52218444882
10/6/2014,188334.52120,195254.78100,5857,32.15545863070,37.07285158158657,-6920.25980,-3.67445105400,-1.18153658870
10/6/2015,71199.58840,68669.39496,1694,42.03045360094,37.07285158158657,2530.19344,3.55366301500,1.49362068477
10/6/2016,252458.26220,261502.38180,7190,35.11241477051,37.07285158158657,-9044.11960,-3.58242171200,-1.25787477051
10/7/2014,103998.55970,101270.97110,2968,35.03994599057,37.07285158158657,2727.58860,2.62271766800,0.91899885445
10/7/2015,125983.15180,127884.58720,3195,39.43134641628,37.07285158158657,-1901.43540,-1.50927752900,-0.59512845070
10/7/2016,39809.55909,34091.56966,946,42.08198635307,37.07285158158657,5717.98943,14.36335784800,6.04438628964
10/8/2014,195866.77300,203331.43480,6032,32.47128199602,37.07285158158657,-7464.66180,-3.81109143000,-1.23751024536
10/8/2015,69968.07770,72665.72553,1812,38.61372941501,37.07285158158657,-2697.64783,-3.85554086800,-1.48876811810
10/8/2016,146811.45510,155135.62910,4282,34.28572048108,37.07285158158657,-8324.17400,-5.66997581600,-1.94399205979
10/9/2014,78736.40284,77071.54271,2247,35.04067772141,37.07285158158657,1664.86013,2.11447319100,0.74092573654
10/9/2015,48406.78715,45316.54273,1232,39.29122333604,37.07285158158657,3090.24442,6.38390730300,2.50831527597
10/9/2016,85070.23489,76591.85292,2108,40.35589890417,37.07285158158657,8478.38197,9.96633191500,4.02200283207
11/1/2014,146571.48240,143179.67000,4297,34.11018906214,37.07285158158657,3391.81240,2.31410117700,0.78934428671
11/1/2015,69597.36735,71051.36350,1690,41.18187417160,37.07285158158657,-1453.99615,-2.08915395100,-0.86035275148
11/1/2016,121373.06820,112550.43230,2949,41.15736459817,37.07285158158657,8822.63590,7.26902271700,2.99173818243
11/10/2014,138038.23980,131192.31680,3758,36.73183602980,37.07285158158657,6845.92300,4.95943950700,1.82169318787
11/10/2015,57413.41048,55617.58464,1456,39.43228741758,37.07285158158657,1795.82584,3.12788567200,1.23339686813
11/10/2016,36113.93487,31885.28845,896,40.30573088170,37.07285158158657,4228.64642,11.70918216300,4.71947145089
11/11/2014,56303.36657,54996.86661,1497,37.61079931196,37.07285158158657,1306.49996,2.32046508000,0.87274546426
11/11/2015,147893.94150,161665.60060,4216,35.07920813567,37.07285158158657,-13771.65910,-9.31184804500,-3.26652255693
11/11/2016,160938.60160,152555.41730,3748,42.93986168623,37.07285158158657,8383.18430,5.20893323100,2.23670872465
11/12/2014,158603.35700,171692.99360,4157,38.15332138561,37.07285158158657,-13089.63660,-8.25306402600,-3.14881804186
11/12/2015,229672.25630,237672.01640,6227,36.88329152080,37.07285158158657,-7999.76010,-3.48311991600,-1.28468927252
11/2/2014,135498.74640,139824.16160,4172,32.47812713327,37.07285158158657,-4325.41520,-3.19221787300,-1.03677257910
11/2/2015,162162.10350,173661.82780,4299,37.72088939288,37.07285158158657,-11499.72430,-7.09149921700,-2.67497657595
11/2/2016,64034.94046,55491.33853,1525,41.99012489180,37.07285158158657,8543.60193,13.34209397000,5.60236192131
11/3/2014,187143.01810,191499.04280,5737,32.62036222765,37.07285158158657,-4356.02470,-2.32764478400,-0.75928616001
11/3/2015,57063.98412,56638.28137,1386,41.17170571429,37.07285158158657,425.70275,0.74600951300,0.30714484127
11/3/2016,77997.04501,73051.67554,1855,42.04692453369,37.07285158158657,4945.36947,6.34045747400,2.66596736927
11/4/2014,318949.81710,326322.52600,9573,33.31764515826,37.07285158158657,-7372.70890,-2.31155765100,-0.77015657579
11/4/2015,126507.80090,126043.76920,3072,41.18092477214,37.07285158158657,464.03170,0.36680085900,0.15105198568
11/4/2016,131170.59690,142022.81260,3713,35.32738941557,37.07285158158657,-10852.21570,-8.27336000300,-2.92276210611
11/5/2014,200407.27710,215907.82490,6173,32.46513479670,37.07285158158657,-15500.54780,-7.73452342900,-2.51102345699
11/5/2015,198442.91270,213676.42840,5257,37.74831894617,37.07285158158657,-15233.51570,-7.67652293200,-2.89775836028
11/5/2016,35014.39948,30393.74012,832,42.08461475962,37.07285158158657,4620.65936,13.19645468300,5.55367711538
11/6/2014,174324.99480,180978.60100,5429,32.10996404494,37.07285158158657,-6653.60620,-3.81678267500,-1.22556754467
11/6/2015,68988.34667,66539.16520,1642,42.01482744823,37.07285158158657,2449.18147,3.55013794100,1.49158433009
11/6/2016,293917.85250,311853.52050,8577,34.26814183281,37.07285158158657,-17935.66800,-6.10227240300,-2.09113536201
11/7/2014,134018.08930,130633.26270,3825,35.03740896732,37.07285158158657,3384.82660,2.52564905100,0.88492198693
11/7/2015,142378.18400,143924.56510,3595,39.60450180807,37.07285158158657,-1546.38110,-1.08610817800,-0.43014773296
11/7/2016,45839.23877,39231.19537,1090,42.05434749541,37.07285158158657,6608.04340,14.41569183400,6.06242513761
11/8/2014,232347.35320,241134.52780,7158,32.45981464096,37.07285158158657,-8787.17460,-3.78191293300,-1.22760192791
11/8/2015,60187.14905,62538.49328,1563,38.50745300704,37.07285158158657,-2351.34423,-3.90672139700,-1.50437890595
11/8/2016,99867.32962,103826.70140,2867,34.83339017091,37.07285158158657,-3959.37178,-3.96463167200,-1.38101561911
11/9/2014,70875.11067,69489.36085,2023,35.03465678201,37.07285158158657,1385.74982,1.95519951500,0.68499743945
11/9/2015,85940.02694,81559.84562,2194,39.17047718323,37.07285158158657,4380.18132,5.09678839500,1.99643633546
11/9/2016,48831.66611,44014.23202,1211,40.32342370768,37.07285158158657,4817.43409,9.86538955900,3.97806283237
12/1/2014,95422.37298,93126.14724,2796,34.12817345494,37.07285158158657,2296.22574,2.40638088100,0.82125384120
12/1/2015,84738.29441,86467.53775,2058,41.17507017007,37.07285158158657,-1729.24334,-2.04068697900,-0.84025429543
12/1/2016,99445.55710,92226.51810,2417,41.14421063302,37.07285158158657,7219.03900,7.25928760500,2.98677658254
12/10/2014,61037.56223,57992.34151,1661,36.74747876580,37.07285158158657,3045.22072,4.98909296000,1.83336587598
12/10/2015,57749.13694,55933.00858,1465,39.41920610239,37.07285158158657,1816.12836,3.14485801200,1.23967806143
12/10/2016,31023.35977,27817.64247,768,40.39499970052,37.07285158158657,3205.71730,10.33323703100,4.17411106771
12/11/2014,49436.81586,48289.89228,1314,37.62314753425,37.07285158158657,1146.92358,2.31997866400,0.87284899543
12/11/2015,140238.39050,153481.45340,4000,35.05959762500,37.07285158158657,-13243.06290,-9.44325077700,-3.31076572500
12/11/2016,164998.84460,156263.14950,3843,42.93490621910,37.07285158158657,8735.69510,5.29439774000,2.27314470466
12/12/2014,279092.09600,301236.10990,7259,38.44773329660,37.07285158158657,-22144.01390,-7.93430348500,-3.05055984295
12/12/2015,333488.79790,359621.07490,9422,35.39469304819,37.07285158158657,-26132.27700,-7.83602842600,-2.77353820845
12/2/2014,163432.84520,166893.36890,5037,32.44646519754,37.07285158158657,-3460.52370,-2.11739794200,-0.68702078618
12/2/2015,138520.12680,147756.34280,3674,37.70281077844,37.07285158158657,-9236.21600,-6.66777905400,-2.51394011976
12/2/2016,148839.97490,129583.49210,3542,42.02144971767,37.07285158158657,19256.48280,12.93770898100,5.43661287408
12/3/2014,191700.38910,197153.42400,5903,32.47507862104,37.07285158158657,-5453.03490,-2.84456120600,-0.92377348806
12/3/2015,48008.48284,47681.67208,1166,41.17365595197,37.07285158158657,326.81076,0.68073544600,0.28028367067
12/3/2016,79752.28268,74962.81640,1897,42.04126656827,37.07285158158657,4789.46628,6.00542845800,2.52475818661
12/4/2014,375031.10930,383727.19400,11250,33.33609860444,37.07285158158657,-8696.08470,-2.31876356000,-0.77298530667
12/4/2015,79648.62939,79349.40245,1934,41.18336576525,37.07285158158657,299.22694,0.37568372800,0.15471920372
12/4/2016,123179.48940,132714.96020,3504,35.15396386986,37.07285158158657,-9535.47080,-7.74111895300,-2.72131015982
12/5/2014,183413.70830,197835.49510,5653,32.44537560587,37.07285158158657,-14421.78680,-7.86298196200,-2.55117403149
12/5/2015,193182.15060,208039.17340,5118,37.74563317702,37.07285158158657,-14857.02280,-7.69068092200,-2.90289620946
12/5/2016,27210.40663,23570.15916,647,42.05626990726,37.07285158158657,3640.24747,13.37814432400,5.62634848532
12/6/2014,200271.56430,207757.70300,6232,32.13600197368,37.07285158158657,-7486.13870,-3.73799382200,-1.20124176829
12/6/2015,155156.87920,149423.24360,3690,42.04793474255,37.07285158158657,5733.63560,3.69537956000,1.55383078591
12/6/2016,138350.12180,143346.67460,3943,35.08752772001,37.07285158158657,-4996.55280,-3.61152757600,-1.26719573928
12/7/2014,99277.29950,96688.49781,2833,35.04316960819,37.07285158158657,2588.80169,2.60764716900,0.91380222026
12/7/2015,57427.68071,58723.04053,1467,39.14633995228,37.07285158158657,-1295.35982,-2.25563666200,-0.88299919564
12/7/2016,36851.76375,31574.32547,876,42.06822345890,37.07285158158657,5277.43828,14.32072102700,6.02447292237
12/8/2014,190325.18110,197438.11160,5863,32.46208103360,37.07285158158657,-7112.93050,-3.73725140300,-1.21318957871
12/8/2015,44698.70075,46849.56715,1171,38.17139261315,37.07285158158657,-2150.86640,-4.81192151900,-1.83677745517
12/8/2016,210664.86280,220379.27670,6082,34.63743222624,37.07285158158657,-9714.41390,-4.61131190600,-1.59724003617
12/9/2014,148634.39140,145956.13970,4242,35.03875327676,37.07285158158657,2678.25170,1.80190578700,0.63136532296
12/9/2015,57381.75145,54340.89151,1469,39.06177770592,37.07285158158657,3040.85994,5.29935016500,2.07002038121
12/9/2016,52075.15718,46884.14251,1291,40.33706985283,37.07285158158657,5191.01467,9.96831301400,4.02092538342
13/1/2014,114883.17380,112186.30870,3369,34.10008127041,37.07285158158657,2696.86510,2.34748485000,0.80049424161
13/1/2015,64653.97214,65980.42209,1570,41.18087397452,37.07285158158657,-1326.44995,-2.05161400900,-0.84487257962
13/1/2016,67587.54693,62760.35683,1644,41.11164655109,37.07285158158657,4827.19010,7.14212945900,2.93624701946
13/10/2014,86799.75945,82392.33326,2360,36.77955908898,37.07285158158657,4407.42619,5.07769401400,1.86755347034
13/10/2015,40140.82003,38881.08844,1018,39.43106093320,37.07285158158657,1259.73159,3.13828065600,1.23745735756
13/10/2016,22334.21253,19704.09315,521,42.86797030710,37.07285158158657,2630.11938,11.77619034700,5.04821378119
13/11/2014,55033.12240,53997.21887,1466,37.53964693042,37.07285158158657,1035.90353,1.88232737800,0.70661905184
13/11/2015,358183.77400,391310.32070,10204,35.10229067033,37.07285158158657,-33126.54670,-9.24847776600,-3.24642754802
13/11/2016,97946.78305,93112.60891,2281,42.94028191583,37.07285158158657,4834.17414,4.93551088600,2.11932228847
13/12/2014,369350.98950,402564.67860,9654,38.25885534493,37.07285158158657,-33213.68910,-8.99244622200,-3.44040699192
13/12/2015,185422.88560,191390.40130,5014,36.98103023534,37.07285158158657,-5967.51570,-3.21832749000,-1.19017066215
13/2/2014,138291.63330,141027.43450,4259,32.47044688894,37.07285158158657,-2735.80120,-1.97828396000,-0.64235764264
13/2/2015,358597.42850,382447.08040,9505,37.72724129406,37.07285158158657,-23849.65190,-6.65081509400,-2.50916905839
13/2/2016,172541.50790,150538.98370,4105,42.03203602923,37.07285158158657,22002.52420,12.75201803200,5.35993281364
13/3/2014,164663.96760,168975.17400,5056,32.56803156646,37.07285158158657,-4311.20640,-2.61818445300,-0.85269113924
