Working File( Miro + Excel Visuals + PowerPoint)/Sales Analysis.csv
DATE,SALES,COST_OF_SALES,QUANTITY_SOLD,DAILY_UNIT_PRICE,AVG_UNIT_PRICE,GROSS_PROFIT,DAILY_GROSS_PROFIT_PCT,GROSS_PROFIT_PER_UNIT
13/3/2015,117446.83910,116681.14160,2853,41.16608450754,37.07285158158657,765.69750,0.65195241200,0.26838328076
13/3/2016,37155.58848,34962.83050,883,42.07880915062,37.07285158158657,2192.75798,5.90155632000,2.48330462061
13/4/2014,166393.54070,170061.86410,4990,33.34539893788,37.07285158158657,-3668.32340,-2.20460685200,-0.73513494990
13/4/2015,83137.43243,82700.35417,2019,41.17752968301,37.07285158158657,437.07826,0.52572980300,0.21648254581
13/4/2016,124431.04640,132889.05690,3534,35.20969054895,37.07285158158657,-8458.01050,-6.79734740200,-2.39332498585
13/5/2014,146166.60110,157693.18930,4503,32.45982702643,37.07285158158657,-11526.58820,-7.88592476900,-2.55975753942
13/5/2015,166403.12700,179221.57230,4410,37.73313537415,37.07285158158657,-12818.44530,-7.70324784800,-2.90667693878
13/5/2016,79840.08825,69078.71414,1898,42.06537842466,37.07285158158657,10761.37411,13.47866008900,5.66984937302
13/6/2014,468701.63020,486180.54440,14585,32.13586768598,37.07285158158657,-17478.91420,-3.72921984300,-1.19841715461
13/6/2015,185109.52310,178347.36940,4404,42.03213512716,37.07285158158657,6762.15370,3.65305554600,1.53545724342
13/6/2016,130067.27560,134950.56650,3707,35.08693703804,37.07285158158657,-4883.29090,-3.75443467800,-1.31731613164
13/7/2014,49705.23200,48370.30899,1419,35.02835236082,37.07285158158657,1334.92301,2.68567906500,0.94074912615
13/7/2015,63331.33100,64690.05907,1610,39.33623043478,37.07285158158657,-1358.72807,-2.14542794000,-0.84393047826
13/7/2016,33225.67047,28489.08140,790,42.05781072152,37.07285158158657,4736.58907,14.25581185600,5.99568236709
13/8/2014,197698.11860,205114.12890,6092,32.45208775443,37.07285158158657,-7416.01030,-3.75117899600,-1.21733589954
13/8/2015,39463.40906,41414.41837,1035,38.12889764251,37.07285158158657,-1951.00931,-4.94384382000,-1.88503314976
13/8/2016,266271.03910,281658.41830,7771,34.26470712907,37.07285158158657,-15387.37920,-5.77884070800,-1.98010284391
13/9/2014,171724.82880,168652.20360,4901,35.03873266680,37.07285158158657,3072.62520,1.78927253600,0.62693842073
13/9/2015,32479.79639,30763.68812,829,39.17948901086,37.07285158158657,1716.10827,5.28361769700,2.07009441496
13/9/2016,30424.72626,27398.58813,755,40.29765067550,37.07285158158657,3026.13813,9.94631177300,4.00812997351
14/1/2014,80090.80008,78096.76018,2348,34.11022149915,37.07285158158657,1994.03990,2.48972403600,0.84925038330
14/1/2015,59553.38603,60703.35603,1446,41.18491426694,37.07285158158657,-1149.97000,-1.93099011900,-0.79527662517
14/1/2016,61685.93524,57191.43932,1499,41.15139108739,37.07285158158657,4494.49592,7.28609512400,2.99832949967
14/10/2014,69570.50147,66313.94098,1894,36.73204935058,37.07285158158657,3256.56049,4.68095014600,1.71940891763
14/10/2015,42195.81736,40869.24947,1070,39.43534332710,37.07285158158657,1326.56789,3.14383740600,1.23978307477
14/10/2016,69440.92880,62070.75118,1618,42.91775574784,37.07285158158657,7370.17762,10.61359308900,4.55511595797
14/11/2014,149808.16590,146994.89550,3984,37.60245128012,37.07285158158657,2813.27040,1.87791525500,0.70614216867
14/11/2015,377937.13870,413010.22900,10769,35.09491491318,37.07285158158657,-35073.09030,-9.28013860200,-3.25685674622
14/11/2016,87834.25368,83068.26903,2046,42.92974275660,37.07285158158657,4765.98465,5.42611162500,2.32941576246
14/12/2014,177500.10770,192327.32070,4632,38.32040321675,37.07285158158657,-14827.21300,-8.35335436800,-3.20103907599
14/12/2015,173833.13320,179871.05330,4715,36.86810884411,37.07285158158657,-6037.92010,-3.47340003000,-1.28057690350
14/2/2014,336901.37170,343519.87550,10381,32.45365299104,37.07285158158657,-6618.50380,-1.96452266300,-0.63755936808
14/2/2015,424009.88250,451548.02760,11237,37.73337033906,37.07285158158657,-27538.14510,-6.49469416600,-2.45066700187
14/2/2016,87991.66300,76378.50464,2094,42.02085148042,37.07285158158657,11613.15836,13.19802122600,5.54592089780
14/3/2014,395941.34510,406765.91400,12167,32.54223268678,37.07285158158657,-10824.56890,-2.73388193300,-0.88966622010
14/3/2015,150591.54790,149573.82760,3657,41.17898493301,37.07285158158657,1017.72030,0.67581502000,0.27829376538
14/3/2016,45046.51321,42368.04535,1071,42.06023642390,37.07285158158657,2678.46786,5.94600485000,2.50090369748
14/4/2014,193652.32780,198212.06870,5810,33.33086537005,37.07285158158657,-4559.74090,-2.35460164700,-0.78480910499
14/4/2015,40776.02706,39940.19958,979,41.65069158325,37.07285158158657,835.82748,2.04980117100,0.85375636364
14/4/2016,162166.83600,172225.65270,4601,35.24599782656,37.07285158158657,-10058.81670,-6.20275818900,-2.18622401652
14/5/2014,201120.72760,218098.76190,6253,32.16387775468,37.07285158158657,-16978.03430,-8.44171284700,-2.71518220054
14/5/2015,149178.60150,160620.20710,3952,37.74762183704,37.07285158158657,-11441.60560,-7.66973646700,-2.89514311741
14/5/2016,82484.44829,71426.01164,1961,42.06244175931,37.07285158158657,11058.43665,13.40669287300,5.63918238144
14/6/2014,473425.75420,492135.29230,14745,32.10754521533,37.07285158158657,-18709.53810,-3.95194767800,-1.26887338759
14/6/2015,83779.54401,80659.82181,1992,42.05800402108,37.07285158158657,3119.72220,3.72372783500,1.56612560241
14/6/2016,107168.66110,111173.15850,3054,35.09124462999,37.07285158158657,-4004.49740,-3.73663098800,-1.31123032089
14/7/2014,75384.57455,73393.44659,2151,35.04629221292,37.07285158158657,1991.12796,2.64129362300,0.92567548117
14/7/2015,51241.02855,52509.91622,1307,39.20507157613,37.07285158158657,-1268.88767,-2.47631186600,-0.97083983933
14/7/2016,30423.39146,26053.79672,723,42.07937961272,37.07285158158657,4369.59474,14.36261550800,6.04369950207
14/8/2014,177908.83560,184687.52910,5485,32.43552153145,37.07285158158657,-6778.69350,-3.81020620900,-1.23586025524
14/8/2015,85794.09690,89898.89423,2247,38.18161855808,37.07285158158657,-4104.79733,-4.78447524800,-1.82679008901
14/8/2016,123084.03910,129601.52720,3576,34.41947402125,37.07285158158657,-6517.48810,-5.29515292800,-1.82256378635
14/9/2014,86435.69883,84948.37458,2467,35.03676482773,37.07285158158657,1487.32425,1.72072913200,0.60288781921
14/9/2015,52160.18393,49656.00775,1329,39.24769294959,37.07285158158657,2504.17618,4.80093433600,1.88425596689
14/9/2016,20495.11303,18375.05261,508,40.34471068898,37.07285158158657,2120.06042,10.34422409300,4.17334728346
15/1/2014,98945.37116,97159.00259,2903,34.08383436445,37.07285158158657,1786.36857,1.80540893300,0.61535259042
15/1/2015,79080.75696,80337.74831,1921,41.16645338886,37.07285158158657,-1256.99135,-1.58950343700,-0.65434219157
15/1/2016,150006.92980,139244.89580,3648,41.12032066886,37.07285158158657,10762.03400,7.17435788800,2.95011896930
15/10/2014,130476.35530,124398.43160,3548,36.77462099775,37.07285158158657,6077.92370,4.65825680500,1.71305628523
15/10/2015,53490.79747,51799.16590,1357,39.41842112749,37.07285158158657,1691.63157,3.16247214500,1.24659658806
15/10/2016,92159.02979,83371.81702,2147,42.92455975314,37.07285158158657,8787.21277,9.53483645600,4.09278657196
15/11/2014,180685.51070,176898.27780,4802,37.62713675552,37.07285158158657,3787.23290,2.09603575000,0.78867823823
15/11/2015,168729.96240,184673.48850,4803,35.13011917552,37.07285158158657,-15943.52610,-9.44913747000,-3.31949325422
15/11/2016,95509.13498,88104.20453,2181,43.79144198991,37.07285158158657,7404.93045,7.75311225600,3.39519965612
15/12/2014,282246.62870,304489.63830,7341,38.44798102438,37.07285158158657,-22243.00960,-7.88069983400,-3.02996997684
15/12/2015,220271.72140,237123.34330,6212,35.45906654862,37.07285158158657,-16851.62190,-7.65037917400,-2.71275304250
15/2/2014,367729.26820,373973.59330,11332,32.45051784328,37.07285158158657,-6244.32510,-1.69807672100,-0.55103468938
15/2/2015,203861.47240,217065.61520,5406,37.71022426933,37.07285158158657,-13204.14280,-6.47701728300,-2.44249774325
15/2/2016,123445.38160,108669.22540,2940,41.98822503401,37.07285158158657,14776.15620,11.96979263900,5.02590346939
15/3/2014,518183.21040,534383.14310,15971,32.44525767954,37.07285158158657,-16199.93270,-3.12629440200,-1.01433427462
15/3/2015,67152.47495,66802.98322,1631,41.17257814224,37.07285158158657,349.49173,0.52044504700,0.21428064378
15/3/2016,55489.33276,52263.05699,1320,42.03737330303,37.07285158158657,3226.27577,5.81422700500,2.44414831061
15/4/2014,249805.51720,255956.65400,7497,33.32073058557,37.07285158158657,-6151.13680,-2.46237027500,-0.82047976524
15/4/2015,58278.45793,56969.92259,1398,41.68702283977,37.07285158158657,1308.53534,2.24531565600,0.93600525036
15/4/2016,354042.02320,373200.30600,10045,35.24559713290,37.07285158158657,-19158.28280,-5.41130192000,-1.90724567446
15/5/2014,270123.55080,289864.79850,8408,32.12696845861,37.07285158158657,-19741.24770,-7.30822900900,-2.34791242864
15/5/2015,380592.57760,409812.43270,10084,37.74222308608,37.07285158158657,-29219.85510,-7.67746320300,-2.89764528957
15/5/2016,51497.23734,44611.93968,1224,42.07290632353,37.07285158158657,6885.29766,13.37022725000,5.62524318627
15/6/2014,224232.12140,233554.03220,6991,32.07439871263,37.07285158158657,-9321.91080,-4.15725933500,-1.33341593477
15/6/2015,149501.57450,143962.87190,3557,42.03024304189,37.07285158158657,5538.70260,3.70477877500,1.55712752319
15/6/2016,224030.55440,237934.73420,6541,34.25019941905,37.07285158158657,-13904.17980,-6.20637655300,-2.12569634612
15/7/2014,110288.23420,107437.38100,3148,35.03438189327,37.07285158158657,2850.85320,2.58491145600,0.90560775095
15/7/2015,80326.44081,81730.27070,2050,39.18362966341,37.07285158158657,-1403.82989,-1.74765603400,-0.68479506829
15/7/2016,80345.63766,68788.09454,1910,42.06577887958,37.07285158158657,11557.54312,14.38477987900,6.05106969634
15/8/2014,473321.88250,491559.42300,14587,32.44819925276,37.07285158158657,-18237.54050,-3.85309472800,-1.25025985467
15/8/2015,117288.01010,122504.35720,3068,38.22946874185,37.07285158158657,-5216.34710,-4.44746832700,-1.70024351369
15/8/2016,162727.52480,168580.17060,4649,35.00269408475,37.07285158158657,-5852.64580,-3.59659240600,-1.25890423747
15/9/2014,120236.18270,118094.04320,3432,35.03385276807,37.07285158158657,2142.13950,1.78160970500,0.62416652098
15/9/2015,51002.83957,48601.96750,1300,39.23295351538,37.07285158158657,2400.87207,4.70733020000,1.84682466923
15/9/2016,40742.17168,36464.75981,1010,40.33878384158,37.07285158158657,4277.41187,10.49873311500,4.23506125743
16/1/2014,84904.90171,83350.43316,2491,34.08466547973,37.07285158158657,1554.46855,1.83083487400,0.62403394219
16/1/2015,149444.05680,152030.98650,3629,41.18050614494,37.07285158158657,-2586.92970,-1.73103551600,-0.71284918710
16/1/2016,191287.35350,177577.28720,4652,41.11937951419,37.07285158158657,13710.06630,7.16726226200,2.94713377042
16/10/2014,95229.77348,91087.85134,2591,36.75406155152,37.07285158158657,4141.92214,4.34939829100,1.59858052489
16/10/2015,110809.31580,107331.98050,2810,39.43392021352,37.07285158158657,3477.33530,3.13812541400,1.23748587189
16/10/2016,57296.28785,52701.29461,1335,42.91856767790,37.07285158158657,4594.99324,8.01970496200,3.44194250187
16/11/2014,75871.43677,73905.81016,2017,37.61598253347,37.07285158158657,1965.62661,2.59073334300,0.97452980169
16/11/2015,177192.56980,193615.30370,5042,35.14331015470,37.07285158158657,-16422.73390,-9.26829715200,-3.25718641412
16/11/2016,77229.97189,71428.87000,1763,43.80599653432,37.07285158158657,5801.10189,7.51146445900,3.29047186047
16/12/2014,166037.92570,179571.12910,4308,38.54176548282,37.07285158158657,-13533.20340,-8.15067000100,-3.14141211699
16/12/2015,234468.07120,251493.90890,6585,35.60638894457,37.07285158158657,-17025.83770,-7.26147386000,-2.58554862566
16/2/2014,133913.84140,136797.07740,4127,32.44822907681,37.07285158158657,-2883.23600,-2.15305301500,-0.69862757451
16/2/2015,220506.20930,234723.22000,5846,37.71915998974,37.07285158158657,-14217.01070,-6.44744234000,-2.43192109134
16/2/2016,77344.69187,68269.24884,1841,42.01232583922,37.07285158158657,9075.44303,11.73376324900,4.92962684954
16/3/2014,226617.95490,233191.10460,6968,32.52266861366,37.07285158158657,-6573.14970,-2.90054232600,-0.94333376866
16/3/2015,80635.28925,80121.29052,1959,41.16145444104,37.07285158158657,513.99873,0.63743645600,0.26237811639
16/3/2016,41893.30316,39495.45590,997,42.01936124373,37.07285158158657,2397.84726,5.72370063700,2.40506244734
16/4/2014,294023.41090,301522.35230,8821,33.33220846843,37.07285158158657,-7498.94140,-2.55045725000,-0.85012372747
16/4/2015,50000.10144,48827.88538,1198,41.73631171953,37.07285158158657,1172.21606,2.34442736400,0.97847751252
16/4/2016,327352.26140,345338.62810,9301,35.19538344264,37.07285158158657,-17986.36670,-5.49449899100,-1.93380998817
16/5/2014,415315.38390,441790.76720,12949,32.07316270754,37.07285158158657,-26475.38330,-6.37476585900,-2.04458902618
16/5/2015,413700.17890,445569.71910,10964,37.73259566764,37.07285158158657,-31869.54020,-7.70353551300,-2.90674390733
16/5/2016,42871.83287,37139.30826,1019,42.07245620216,37.07285158158657,5732.52461,13.37130751400,5.62563749755
16/6/2014,185606.27500,193340.31540,5788,32.06742829993,37.07285158158657,-7734.04040,-4.16690674900,-1.33621983414
16/6/2015,100477.29680,96810.10358,2395,41.95294229645,37.07285158158657,3667.19322,3.64977297000,1.53118714823
16/6/2016,201918.22210,209095.56970,5749,35.12232076883,37.07285158158657,-7177.34760,-3.55458141700,-1.24845148722
16/7/2014,156536.68620,164641.35400,4825,32.44283651813,37.07285158158657,-8104.66780,-5.17748778000,-1.67972389637
16/7/2015,71912.56573,73762.62917,1849,38.89268022174,37.07285158158657,-1850.06344,-2.57265669900,-1.00057514332
16/7/2016,95297.33863,81655.85773,2266,42.05531272286,37.07285158158657,13641.48090,14.31465043600,6.02007100618
16/8/2014,541600.89220,562953.37080,16686,32.45840178593,37.07285158158657,-21352.47860,-3.94247478300,-1.27966430541
16/8/2015,71056.06100,74589.17287,1866,38.07934673098,37.07285158158657,-3533.11187,-4.97228782500,-1.89341472133
16/8/2016,114708.94600,119758.06170,3302,34.73923258631,37.07285158158657,-5049.11570,-4.40167561100,-1.52910832829
16/9/2014,83204.19669,81753.42459,2375,35.03334597474,37.07285158158657,1450.77210,1.74362851600,0.61085141053
16/9/2015,30194.71596,28605.46080,773,39.06172827943,37.07285158158657,1589.25516,5.26335522400,2.05595751617
16/9/2016,69864.83699,62545.19068,1733,40.31438949221,37.07285158158657,7319.64631,10.47686737000,4.22368511829
17/1/2014,135460.61970,132703.33540,3968,34.13826101310,37.07285158158657,2757.28430,2.03548773500,0.69488011593
17/1/2015,170624.07990,173547.02710,4144,41.17376445463,37.07285158158657,-2922.94720,-1.71309184600,-0.70534440154
17/1/2016,92595.46084,86018.18961,2252,41.11698971581,37.07285158158657,6577.27123,7.10323289100,2.92063553730
17/10/2014,121057.86130,116949.79130,3293,36.76218077741,37.07285158158657,4108.07000,3.39347643800,1.24751594291
17/10/2015,111527.01350,108023.60730,2829,39.42276899965,37.07285158158657,3503.40620,3.14130728500,1.23839031460
17/10/2016,57184.94127,51764.93737,1332,42.93163759009,37.07285158158657,5420.00390,9.47802652200,4.06907199700
17/11/2014,86313.33408,84418.78911,2297,37.57654944710,37.07285158158657,1894.54497,2.19496210000,0.82479101872
17/11/2015,152368.74910,166625.36500,4342,35.09183535237,37.07285158158657,-14256.61590,-9.35665350300,-3.28342144173
17/12/2014,148910.99840,161137.52200,3865,38.52807203105,37.07285158158657,-12226.52360,-8.21062495800,-3.16339549806
17/12/2015,213778.13810,230994.35520,6051,35.32938986944,37.07285158158657,-17216.21710,-8.05331043300,-2.84518544042
17/2/2014,150800.34700,152887.10640,4649,32.43715788342,37.07285158158657,-2086.75940,-1.38378952100,-0.44886199183
17/2/2015,139935.93700,148697.54370,3713,37.68810584433,37.07285158158657,-8761.60670,-6.26115556000,-2.35971093455
17/2/2016,158963.02490,167521.52590,4529,35.09892358136,37.07285158158657,-8558.50100,-5.38395705900,-1.88971097372
17/3/2014,243707.87190,250794.22130,7494,32.52039923939,37.07285158158657,-7086.34940,-2.90772281800,-0.94560306912
17/3/2015,50669.63710,50308.95705,1230,41.19482691057,37.07285158158657,360.68005,0.71182678700,0.29323581301
17/3/2016,34348.50419,32292.83760,817,42.04223279070,37.07285158158657,2055.66659,5.98473394500,2.51611577723
17/4/2014,612236.00580,627927.75870,18366,33.33529379288,37.07285158158657,-15691.75290,-2.56302353200,-0.85439142437
17/4/2015,103911.91910,101408.94960,2485,41.81566160966,37.07285158158657,2502.96950,2.40874148200,1.00723118712
17/4/2016,164809.30300,175167.42880,4678,35.23071889696,37.07285158158657,-10358.12580,-6.28491572500,-2.21422099188
17/5/2014,498716.99760,526707.37700,15508,32.15869213309,37.07285158158657,-27990.37940,-5.61247752400,-1.80489936807
17/5/2015,177159.67310,190811.57790,4695,37.73368969116,37.07285158158657,-13651.90480,-7.70598893100,-2.90775395101
17/5/2016,39104.63910,33890.36043,930,42.04799903226,37.07285158158657,5214.27867,13.33416901400,5.60675125806
17/6/2014,212687.50940,221403.64500,6632,32.06988983715,37.07285158158657,-8716.13560,-4.09809472300,-1.31425446321
17/6/2015,89072.70535,85639.30775,2120,42.01542705189,37.07285158158657,3433.39760,3.85460123400,1.61952716981
17/6/2016,329344.26830,341253.32960,9385,35.09262315397,37.07285158158657,-11909.06130,-3.61599166800,-1.26894632925
17/7/2014,80823.05920,78844.86050,2307,35.03383580407,37.07285158158657,1978.19870,2.44756721600,0.85747667967
17/7/2015,119204.30950,122669.69940,3070,38.82876530945,37.07285158158657,-3465.38990,-2.90710119000,-1.12879149837
17/7/2016,45324.05453,38809.80890,1078,42.04457748609,37.07285158158657,6514.24563,14.37260125500,6.04289947124
17/8/2014,239513.97900,249203.12080,7380,32.45446869919,37.07285158158657,-9689.14180,-4.04533457300,-1.31289184282
17/8/2015,64394.07445,67505.25414,1690,38.10300263314,37.07285158158657,-3111.17969,-4.83146891500,-1.84093472781
