Working File( Miro + Excel Visuals + PowerPoint)/Sales Analysis.csv
DATE,SALES,COST_OF_SALES,QUANTITY_SOLD,DAILY_UNIT_PRICE,AVG_UNIT_PRICE,GROSS_PROFIT,DAILY_GROSS_PROFIT_PCT,GROSS_PROFIT_PER_UNIT
21/3/2015,121360.88510,120829.28800,2947,41.18116223278,37.07285158158657,531.59710,0.43803001200,0.18038585002
21/3/2016,48037.79990,45187.64158,1143,42.02782143482,37.07285158158657,2850.15832,5.93315748400,2.49357683290
21/4/2014,161170.82040,165415.08380,4834,33.34108820852,37.07285158158657,-4244.26340,-2.63339442600,-0.87800235830
21/4/2015,56874.34546,55172.17123,1353,42.03573204730,37.07285158158657,1702.17423,2.99286825400,1.25807407982
21/4/2016,167796.35480,182485.09890,4914,34.14659234839,37.07285158158657,-14688.74410,-8.75391132200,-2.98916241351
21/5/2014,194878.80260,204460.66540,6070,32.10523930807,37.07285158158657,-9581.86280,-4.91683172900,-1.57856059308
21/5/2015,84604.37757,81763.26739,2012,42.04988944831,37.07285158158657,2841.11018,3.35811250200,1.41208259443
21/5/2016,99380.39460,86179.51339,2363,42.05687456623,37.07285158158657,13200.88121,13.28318453900,5.58649225984
21/6/2014,203345.24460,206918.91260,6161,33.00523366337,37.07285158158657,-3573.66800,-1.75743868900,-0.58004674566
21/6/2015,89512.24284,85781.80703,2128,42.06402389098,37.07285158158657,3730.43581,4.16751462300,1.75302434680
21/6/2016,123252.15110,127533.00930,3509,35.12457996580,37.07285158158657,-4280.85820,-3.47325232200,-1.21996528926
21/7/2014,86738.06743,84643.27183,2475,35.04568381010,37.07285158158657,2094.79560,2.41508216900,0.84638206061
21/7/2015,71973.04430,73851.78840,1846,38.98864804984,37.07285158158657,-1878.74410,-2.61034407800,-1.01773786566
21/7/2016,35169.91581,30133.31864,836,42.06927728469,37.07285158158657,5036.59717,14.32075412800,6.02463776316
21/8/2014,164208.06060,167239.64880,4928,33.32144086851,37.07285158158657,-3031.58820,-1.84618720200,-0.61517617695
21/8/2015,76691.28303,78691.95632,2006,38.23094866899,37.07285158158657,-2000.67329,-2.60873623600,-0.99734461117
21/8/2016,136480.24910,143734.22720,3958,34.48212458312,37.07285158158657,-7253.97810,-5.31503873100,-1.83273827691
21/9/2014,75633.32059,74546.66825,2159,35.03164455303,37.07285158158657,1086.65234,1.43673758000,0.50331280222
21/9/2015,44303.46649,41485.45872,1124,39.41589545374,37.07285158158657,2818.00777,6.36069362800,2.50712435053
21/9/2016,50084.81270,44832.21260,1241,40.35843086221,37.07285158158657,5252.60010,10.48741088700,4.23255447220
22/1/2014,57806.30278,57157.28254,1704,33.92388660798,37.07285158158657,649.02024,1.12274995800,0.38088042254
22/1/2015,66550.98983,67952.15055,1616,41.18254321163,37.07285158158657,-1401.16072,-2.10539426000,-0.86705490099
22/1/2016,266949.23880,294322.92720,7806,34.19795526518,37.07285158158657,-27373.68840,-10.25426726200,-3.50674973098
22/10/2014,99075.59910,96511.72216,2701,36.68108074787,37.07285158158657,2563.87694,2.58779857300,0.94923248427
22/10/2015,55930.16864,54177.69006,1419,39.41519988724,37.07285158158657,1752.47858,3.13333326600,1.23500957012
22/10/2016,105662.59420,95930.01651,2472,42.74376788026,37.07285158158657,9732.57769,9.21099634500,3.93712689725
22/11/2014,47497.98253,41179.08825,1122,42.33331776292,37.07285158158657,6318.89428,13.30350036700,5.63181308378
22/11/2015,152504.63170,167600.65090,4345,35.09887956272,37.07285158158657,-15096.01920,-9.89872834100,-3.47434273878
22/12/2014,204565.08180,210188.90940,5014,40.79877977663,37.07285158158657,-5623.82760,-2.74916302900,-1.12162497008
22/12/2015,313125.33250,338299.61780,8863,35.32949706646,37.07285158158657,-25174.28530,-8.03968337500,-2.84037970213
22/2/2014,309217.87560,320116.92430,9772,31.64325374540,37.07285158158657,-10899.04870,-3.52471495300,-1.11533449652
22/2/2015,136052.68840,144020.12280,3608,37.70861651885,37.07285158158657,-7967.43440,-5.85613889300,-2.20826895787
22/2/2016,85224.47709,75960.71802,2028,42.02390389053,37.07285158158657,9263.75907,10.86983386300,4.56792853550
22/3/2014,172953.92470,165201.30500,4936,35.03928782415,37.07285158158657,7752.61970,4.48247688700,1.57062797812
22/3/2015,66954.36637,66756.37644,1626,41.17734709102,37.07285158158657,197.98993,0.29570876500,0.12176502460
22/3/2016,65905.72326,62023.88130,1573,41.89810760331,37.07285158158657,3881.84196,5.88999220100,2.46779527018
22/4/2014,182483.14650,187344.73720,5475,33.33025506849,37.07285158158657,-4861.59070,-2.66413134200,-0.88796177169
22/4/2015,132737.73700,140263.93010,3439,38.59777173597,37.07285158158657,-7526.19310,-5.66997243600,-2.18848301832
22/4/2016,351146.01700,380098.15640,10269,34.19476258643,37.07285158158657,-28952.13940,-8.24504280200,-2.81937281137
22/5/2014,115475.09690,115011.32260,3421,33.75477839813,37.07285158158657,463.77430,0.40162278500,0.13556688103
22/5/2015,321821.02030,346487.52030,8526,37.74583864649,37.07285158158657,-24666.50000,-7.66466403500,-2.89309171945
22/5/2016,61656.18133,53463.73456,1466,42.05742246248,37.07285158158657,8192.44677,13.28730809000,5.58829929741
22/6/2014,134944.48900,135372.52700,4015,33.61008443337,37.07285158158657,-428.03800,-0.31719561400,-0.10660971357
22/6/2015,85984.07534,82427.23154,2046,42.02545226784,37.07285158158657,3556.84380,4.13663086600,1.73843782991
22/6/2016,40067.15121,34559.08452,953,42.04318070304,37.07285158158657,5508.06669,13.74708838500,5.77971321091
22/7/2014,56673.61581,55278.70783,1618,35.02695661928,37.07285158158657,1394.90798,2.46130048400,0.86211865266
22/7/2015,44304.89836,45468.83698,1142,38.79588297723,37.07285158158657,-1163.93862,-2.62711046200,-1.01921070053
22/7/2016,61148.20501,52384.44748,1454,42.05516162999,37.07285158158657,8763.75753,14.33199474700,6.02734355571
22/8/2014,376778.83570,384006.04530,11309,33.31672435229,37.07285158158657,-7227.20960,-1.91815699700,-0.63906707932
22/8/2015,102231.21180,104713.00750,2677,38.18872312290,37.07285158158657,-2481.79570,-2.42763013000,-0.92708094882
22/8/2016,127369.80260,133350.16140,3672,34.68676541394,37.07285158158657,-5980.35880,-4.69527209600,-1.62863801743
22/9/2014,90815.92981,89653.63759,2592,35.03700995756,37.07285158158657,1162.29222,1.27983297900,0.44841520833
22/9/2015,46599.29813,43806.73201,1182,39.42411009306,37.07285158158657,2792.56612,5.99272141900,2.36257708968
22/9/2016,41885.82828,37565.47859,1039,40.31359795958,37.07285158158657,4320.34969,10.31458578600,4.15818064485
23/1/2014,63977.75035,62863.98724,1872,34.17614869124,37.07285158158657,1113.76311,1.74086007100,0.59495892628
23/1/2015,154670.89070,158031.79100,3757,41.16872257120,37.07285158158657,-3360.90030,-2.17293654000,-0.89457021560
23/1/2016,315272.22480,346093.06700,9210,34.23151192182,37.07285158158657,-30820.84220,-9.77594592100,-3.34645409338
23/10/2014,97476.14472,94763.84255,2651,36.76957552622,37.07285158158657,2712.30217,2.78252918000,1.02312416824
23/10/2015,185771.00150,192527.01100,5042,36.84470477985,37.07285158158657,-6756.00950,-3.63674063500,-1.33994635065
23/10/2016,54738.48352,49990.51929,1280,42.76444025000,37.07285158158657,4747.96423,8.67390531200,3.70934705469
23/11/2014,31219.95153,26893.30468,737,42.36085689281,37.07285158158657,4326.64685,13.85859566700,5.87061987788
23/11/2015,79711.58341,74375.78871,1937,41.15208229737,37.07285158158657,5335.79470,6.69387618700,2.75466943727
23/12/2014,316394.73090,326627.13840,7778,40.67816031113,37.07285158158657,-10232.40750,-3.23406381400,-1.31555766264
23/12/2015,268330.39270,249584.21520,6534,41.06678798592,37.07285158158657,18746.17750,6.98622966700,2.86902012550
23/2/2014,138491.55000,140752.60160,4270,32.43361826698,37.07285158158657,-2261.05160,-1.63262783900,-0.52952028103
23/2/2015,86703.31409,85730.96654,2150,40.32712283256,37.07285158158657,972.34755,1.12146526400,0.45225467442
23/2/2016,54612.87884,49071.80254,1301,41.97761632590,37.07285158158657,5541.07630,10.14609816900,4.25909016141
23/3/2014,70194.79954,67061.62271,2003,35.04483252122,37.07285158158657,3133.17683,4.46354552000,1.56424205192
23/3/2015,81342.15076,81132.01290,1976,41.16505605263,37.07285158158657,210.13786,0.25833821500,0.10634507085
23/3/2016,84870.05130,81472.82718,2065,41.09929845036,37.07285158158657,3397.22412,4.00285385500,1.64514485230
23/4/2014,109358.41250,106849.89880,3121,35.03954261455,37.07285158158657,2508.51370,2.29384611800,0.80375318808
23/4/2015,60310.33895,58446.05493,1434,42.05741907252,37.07285158158657,1864.28402,3.09115162100,1.30005859135
23/4/2016,420738.82180,455415.34930,12317,34.15919637899,37.07285158158657,-34676.52750,-8.24181789300,-2.81533875944
23/5/2014,430521.02450,449274.18630,13384,32.16684283473,37.07285158158657,-18753.16180,-4.35592241300,-1.40116271668
23/5/2015,418715.41060,450936.27930,11096,37.73570751622,37.07285158158657,-32220.86870,-7.69517144200,-2.90382738825
23/5/2016,69163.55737,59948.43871,1644,42.07029037105,37.07285158158657,9215.11866,13.32366207100,5.60530332117
23/6/2014,138298.21020,139206.02690,4133,33.46194294701,37.07285158158657,-907.81670,-0.65641970300,-0.21965078635
23/6/2015,64956.46208,62169.77712,1546,42.01582282018,37.07285158158657,2786.68496,4.29008118800,1.80251291074
23/6/2016,143752.73680,155659.53370,4305,33.39204106852,37.07285158158657,-11906.79690,-8.28283145400,-2.76580648084
23/7/2014,165742.17050,173725.35750,5106,32.46027624363,37.07285158158657,-7983.18700,-4.81662993500,-1.56349138269
23/7/2015,66799.72373,69323.64787,1734,38.52348542676,37.07285158158657,-2523.92414,-3.77834517700,-1.45555025375
23/7/2016,77171.70180,66113.83204,1835,42.05542332425,37.07285158158657,11057.86976,14.32891785700,6.02608706267
23/8/2014,453633.47400,463250.07130,13613,33.32354910747,37.07285158158657,-9616.59730,-2.11990469200,-0.70642748108
23/8/2015,56974.86803,57548.98515,1467,38.83767418541,37.07285158158657,-574.11712,-1.00766731000,-0.39135454669
23/8/2016,43537.72816,37649.38753,1035,42.06543783575,37.07285158158657,5888.34063,13.52468509200,5.68921800000
23/9/2014,110118.15640,108880.40900,3143,35.03600267261,37.07285158158657,1237.74740,1.12401754700,0.39381081769
23/9/2015,125182.75720,138583.83780,3725,33.60610931544,37.07285158158657,-13401.08060,-10.70521284200,-3.59760553020
23/9/2016,147503.57320,131964.51580,3657,40.33458386656,37.07285158158657,15539.05740,10.53469896600,4.24912698934
24/1/2014,116958.79980,114823.79520,3423,34.16850709904,37.07285158158657,2135.00460,1.82543306200,0.62372322524
24/1/2015,158722.10560,162082.41840,3855,41.17304944228,37.07285158158657,-3360.31280,-2.11710447500,-0.87167647211
24/1/2016,149138.92150,163505.71300,4351,34.27692978626,37.07285158158657,-14366.79150,-9.63316038200,-3.30195162032
24/10/2014,248974.65280,241961.14320,6781,36.71650977732,37.07285158158657,7013.50960,2.81695727700,1.03428839404
24/10/2015,253116.91320,262409.56940,6872,36.83307817229,37.07285158158657,-9292.65620,-3.67129011000,-1.35224915600
24/10/2016,40131.57351,36347.69872,940,42.69316330851,37.07285158158657,3783.87479,9.42867288500,4.02539871277
24/11/2014,26870.32387,23516.04172,641,41.91938201248,37.07285158158657,3354.28215,12.48322188500,5.23288946958
24/11/2015,111021.37910,121456.52400,3160,35.13334781646,37.07285158158657,-10435.14490,-9.39922110900,-3.30226104430
24/12/2014,486230.32020,495909.08960,11809,41.17455501736,37.07285158158657,-9678.76940,-1.99057298500,-0.81960956897
24/12/2015,392228.13800,364396.19420,9540,41.11406058700,37.07285158158657,27831.94380,7.09585598400,2.91739452830
24/2/2014,133146.22220,134505.40420,4106,32.42723385290,37.07285158158657,-1359.18200,-1.02081905000,-0.33102338042
24/2/2015,95474.35737,100867.52410,2530,37.73690014625,37.07285158158657,-5393.16673,-5.64881176300,-2.13168645455
24/2/2016,81530.61238,81738.05644,2213,36.84166849526,37.07285158158657,-207.44406,-0.25443701900,-0.09373884320
24/3/2014,81378.21463,77703.64633,2323,35.03151727508,37.07285158158657,3674.56830,4.51542014900,1.58182018941
24/3/2015,125060.70790,136375.15270,3312,37.75987557367,37.07285158158657,-11314.44480,-9.04716196600,-3.41619710145
24/3/2016,262459.50570,259298.45660,6588,39.83902636612,37.07285158158657,3161.04910,1.20439497600,0.47981923194
24/4/2014,98430.11411,96197.48223,2809,35.04098045924,37.07285158158657,2232.63188,2.26824067000,0.79481377002
24/4/2015,343587.00850,362390.59600,8892,38.64001445119,37.07285158158657,-18803.58750,-5.47272947900,-2.11466346154
24/4/2016,186166.15080,202391.17870,5453,34.14013401797,37.07285158158657,-16225.02790,-8.71534800000,-2.97543148725
24/5/2014,590642.82570,614245.79410,18356,32.17709880693,37.07285158158657,-23602.96840,-3.99614917400,-1.28584486816
24/5/2015,169541.26590,182419.14140,4489,37.76815903319,37.07285158158657,-12877.87550,-7.59571743900,-2.86876264201
24/5/2016,113112.86500,117414.69890,3224,35.08463554591,37.07285158158657,-4301.83390,-3.80313406400,-1.33431572581
24/6/2014,36692.67986,35299.06424,1047,35.04553950334,37.07285158158657,1393.61562,3.79807532500,1.33105598854
24/6/2015,106613.43280,113428.47430,2822,37.77938795181,37.07285158158657,-6815.04150,-6.39229159100,-2.41496863926
24/6/2016,389904.00860,422372.58160,11667,33.41938875461,37.07285158158657,-32468.57300,-8.32732474800,-2.78294103026
24/7/2014,95618.24880,92416.90384,2729,35.03783393184,37.07285158158657,3201.34496,3.34804809800,1.17308353243
24/7/2015,125689.59280,130428.22640,3259,38.56692015956,37.07285158158657,-4738.63360,-3.77010816400,-1.45401460571
24/7/2016,40881.35491,35019.11264,972,42.05900710905,37.07285158158657,5862.24227,14.33964770200,6.03111344650
24/8/2014,214392.40090,218347.79780,6424,33.37366141034,37.07285158158657,-3955.39690,-1.84493334800,-0.61572180884
24/8/2015,59442.73112,59785.42861,1528,38.90231094241,37.07285158158657,-342.69749,-0.57651706700,-0.22427846204
24/8/2016,120407.41330,127699.41590,3549,33.92713815159,37.07285158158657,-7292.00260,-6.05610767700,-2.05466401803
24/9/2014,209908.38310,223554.08660,6457,32.50865465386,37.07285158158657,-13645.70350,-6.50079015400,-2.11331942078
24/9/2015,150036.80500,167704.85540,4492,33.40089158504,37.07285158158657,-17668.05040,-11.77581087500,-3.93322582369
24/9/2016,151639.18380,135498.16320,3758,40.35103347525,37.07285158158657,16141.02060,10.64435998400,4.29510926024
25/1/2014,155272.82480,152636.27660,4544,34.17095616197,37.07285158158657,2636.54820,1.69801006900,0.58022627641
25/1/2015,78092.27692,79795.04310,1897,41.16619763838,37.07285158158657,-1702.76618,-2.18045400500,-0.89761000527
25/1/2016,215171.03820,234621.59890,6278,34.27381940108,37.07285158158657,-19450.56070,-9.03958119200,-3.09820973240
25/10/2014,302721.68330,294129.67110,8249,36.69798561038,37.07285158158657,8592.01220,2.83825463300,1.04158227664
25/10/2015,118618.45370,122915.26700,3218,36.86092408328,37.07285158158657,-4296.81330,-3.62238181800,-1.33524341206
25/10/2016,70402.99193,63452.76104,1650,42.66847995758,37.07285158158657,6950.23089,9.87206750700,4.21226114545
25/11/2014,40530.64229,35674.19076,968,41.87049823347,37.07285158158657,4856.45153,11.98217263700,5.01699538223
25/11/2015,243161.25920,266054.36990,6924,35.11861051415,37.07285158158657,-22893.11070,-9.41478538800,-3.30634181109
25/12/2014,137686.53210,140525.78670,3344,41.17420218301,37.07285158158657,-2839.25460,-2.06211497700,-0.84905938995
25/12/2015,133728.98370,124363.55730,3256,41.07155519042,37.07285158158657,9365.42640,7.00328839800,2.87635945946
25/2/2014,224994.65620,227546.44660,6937,32.43399974052,37.07285158158657,-2551.79040,-1.13415600300,-0.36785215511
25/2/2015,198431.62750,209499.79410,5253,37.77491481058,37.07285158158657,-11068.16660,-5.57782382800,-2.10701819912
25/2/2016,160947.53260,162597.49680,4404,36.54576126249,37.07285158158657,-1649.96420,-1.02515656700,-0.37465127157
25/3/2014,130227.01470,127394.28920,3822,34.07300227630,37.07285158158657,2832.72550,2.17522109900,0.74116313448
25/3/2015,253218.83120,276194.82950,6704,37.77130536993,37.07285158158657,-22975.99830,-9.07357410600,-3.42720738365
25/3/2016,228124.39800,222208.35040,5652,40.36171231423,37.07285158158657,5916.04760,2.59334277800,1.04671755131
25/4/2014,295741.34700,292327.02830,8537,34.64230373668,37.07285158158657,3414.31870,1.15449487700,0.39994362188
25/4/2015,496882.31500,535306.00990,13144,37.80297588253,37.07285158158657,-38423.69490,-7.73295682700,-2.92328780432
25/4/2016,251449.52960,273255.09850,7372,34.10872620727,37.07285158158657,-21805.56890,-8.67194658700,-2.95789051818
25/5/2014,210764.71800,217364.46300,6500,32.42534123077,37.07285158158657,-6599.74500,-3.13133292100,-1.01534538462
25/5/2015,256434.50990,276173.79250,6795,37.73870638705,37.07285158158657,-19739.28260,-7.69759210900,-2.90497168506
25/5/2016,253686.30250,268974.57070,7392,34.31903442911,37.07285158158657,-15288.26820,-6.02644606700,-2.06821810065
25/6/2014,56077.54269,53925.25763,1601,35.02657257339,37.07285158158657,2152.28506,3.83805166300,1.34433795128
25/6/2015,183843.81730,195365.73070,4865,37.78906830421,37.07285158158657,-11521.91340,-6.26722920000,-2.36832752312
25/6/2016,461280.78560,498910.32900,13793,33.44310777931,37.07285158158657,-37629.54340,-8.15762212000,-2.72816235772
25/7/2014,515698.79580,538260.27180,15897,32.44000728439,37.07285158158657,-22561.47600,-4.37493284500,-1.41922853369
25/7/2015,138624.94500,143537.39520,3572,38.80877519597,37.07285158158657,-4912.45020,-3.54369857500,-1.37526601344
25/7/2016,43085.59501,36887.36617,1024,42.07577637695,37.07285158158657,6198.22884,14.38584946700,6.05295785156
25/8/2014,316404.06230,323293.39660,9493,33.33024989993,37.07285158158657,-6889.33430,-2.17738490800,-0.72572783103
25/8/2015,217683.36230,246975.73080,6360,34.22694375786,37.07285158158657,-29292.36850,-13.45641127100,-4.60571831761
25/8/2016,226375.54310,240429.68550,6647,34.05679902212,37.07285158158657,-14054.14240,-6.20833072700,-2.11435871822
25/9/2014,358365.68300,382967.98320,11039,32.46360023553,37.07285158158657,-24602.30020,-6.86513842300,-2.22867109340
25/9/2015,368037.69190,413540.80720,11030,33.36697116047,37.07285158158657,-45503.11530,-12.36371064700,-4.12539576609
