Working File( Miro + Excel Visuals + PowerPoint)/Sales Analysis.csv
DATE,SALES,COST_OF_SALES,QUANTITY_SOLD,DAILY_UNIT_PRICE,AVG_UNIT_PRICE,GROSS_PROFIT,DAILY_GROSS_PROFIT_PCT,GROSS_PROFIT_PER_UNIT
25/9/2016,72457.29759,64758.50417,1797,40.32125631052,37.07285158158657,7698.79342,10.62528368600,4.28424786867
26/1/2014,82885.21591,81583.16695,2426,34.16538166117,37.07285158158657,1302.04896,1.57090615700,0.53670608409
26/1/2015,91830.40204,93808.08675,2230,41.17955248430,37.07285158158657,-1977.68471,-2.15362741100,-0.88685413004
26/1/2016,205197.89840,221931.58010,5992,34.24531014686,37.07285158158657,-16733.68170,-8.15489916300,-2.79267051068
26/10/2014,128520.72780,124739.23390,3502,36.69923695031,37.07285158158657,3781.49390,2.94232219600,1.07980979440
26/10/2015,123320.78400,128133.77860,3347,36.84517000299,37.07285158158657,-4812.99460,-3.90282517200,-1.43800256947
26/10/2016,62501.74070,56100.87429,1467,42.60514021813,37.07285158158657,6400.86641,10.24110102900,4.36323545331
26/11/2014,30371.43134,26054.84917,709,42.83699765867,37.07285158158657,4316.58217,14.21263990400,6.08826822285
26/11/2015,311443.18120,355343.87180,9273,33.58602191308,37.07285158158657,-43900.69060,-14.09589076000,-4.73424895934
26/12/2014,48102.96241,49028.36507,1169,41.14881301112,37.07285158158657,-925.40266,-1.92379557000,-0.79161904192
26/12/2015,82778.44405,76876.49270,2013,41.12192948336,37.07285158158657,5901.95135,7.12981672700,2.93191820666
26/2/2014,225051.59150,228214.14210,6934,32.45624336602,37.07285158158657,-3162.55060,-1.40525582600,-0.45609325065
26/2/2015,157291.73400,166305.03760,4171,37.71079693119,37.07285158158657,-9013.30360,-5.73030976900,-2.16094548070
26/2/2016,188736.24740,183103.23370,4935,38.24442703141,37.07285158158657,5633.01370,2.98459558100,1.14144147923
26/3/2014,125310.03640,122275.10260,3666,34.18167932351,37.07285158158657,3034.93380,2.42193992400,0.82785973813
26/3/2015,229184.47190,250361.15020,6077,37.71342305414,37.07285158158657,-21176.67830,-9.24001444100,-3.48472573638
26/3/2016,162929.49210,161434.81510,4103,39.70984452839,37.07285158158657,1494.67700,0.91737657900,0.36428881306
26/4/2014,285053.97990,281159.58110,8209,34.72456814472,37.07285158158657,3894.39880,1.36619695700,0.47440599342
26/4/2015,200369.82990,210964.76810,5179,38.68890324387,37.07285158158657,-10594.93820,-5.28769136800,-2.04574979726
26/4/2016,280321.81070,302469.83200,8211,34.13978939228,37.07285158158657,-22148.02130,-7.90092688300,-2.69735979783
26/5/2014,218189.34850,225607.59520,6752,32.31477317832,37.07285158158657,-7418.24670,-3.39991239300,-1.09867397808
26/5/2015,199385.91240,214719.75280,5283,37.74103963657,37.07285158158657,-15333.84040,-7.69053350600,-2.90248729888
26/5/2016,210305.29190,223289.08460,6138,34.26283673835,37.07285158158657,-12983.79270,-6.17378316200,-2.11531324536
26/6/2014,55780.70745,53688.24120,1592,35.03813282035,37.07285158158657,2092.46625,3.75123648600,1.31436322236
26/6/2015,319579.79410,339241.69180,8450,37.82009397633,37.07285158158657,-19661.89770,-6.15242204400,-2.32685179882
26/6/2016,221578.69680,240449.62230,6641,33.36526077398,37.07285158158657,-18870.92550,-8.51657933400,-2.84157890378
26/7/2014,562590.36650,586670.51410,17343,32.43904552269,37.07285158158657,-24080.14760,-4.28022750400,-1.38846494839
26/7/2015,81715.04533,85089.22343,2109,38.74587260787,37.07285158158657,-3374.17810,-4.12920054900,-1.59989478426
26/7/2016,43894.99343,37604.65842,1044,42.04501286398,37.07285158158657,6290.33501,14.33041565400,6.02522510536
26/8/2014,242824.50130,259860.51250,7619,31.87091498884,37.07285158158657,-17036.01120,-7.01577110600,-2.23599044494
26/8/2015,275458.80690,307092.27440,8035,34.28236551338,37.07285158158657,-31633.46750,-11.48391944900,-3.93695924082
26/8/2016,337900.17820,358772.25040,9908,34.10377252725,37.07285158158657,-20872.07220,-6.17699354600,-2.10658782802
26/9/2014,585463.99600,625980.93020,18036,32.46085584387,37.07285158158657,-40516.93420,-6.92048263900,-2.24644789310
26/9/2015,351319.63810,397626.58510,10528,33.37002641527,37.07285158158657,-46306.94700,-13.18085924600,-4.39845621201
26/9/2016,67355.06118,60179.02085,1671,40.30823529623,37.07285158158657,7176.04033,10.65404767600,4.29445860563
27/1/2014,72353.42588,71377.15646,2117,34.17733863014,37.07285158158657,976.26942,1.34930641900,0.46115702409
27/1/2015,76992.93568,78614.45775,1870,41.17269287701,37.07285158158657,-1621.52207,-2.10606603800,-0.86712410160
27/1/2016,214452.24840,231730.23270,6265,34.23020724661,37.07285158158657,-17277.98430,-8.05679792500,-2.75785862729
27/10/2014,145185.26830,140651.93720,3949,36.76507173968,37.07285158158657,4533.33110,3.12244565400,1.14796938465
27/10/2015,117051.27720,122175.00030,3177,36.84333559962,37.07285158158657,-5123.72310,-4.37733207400,-1.61275514636
27/10/2016,53675.21828,48201.94098,1257,42.70104875099,37.07285158158657,5473.27730,10.19702849000,4.35423810660
27/11/2014,37776.65877,32719.68964,880,42.92802132955,37.07285158158657,5056.96913,13.38649127400,5.74655582955
27/11/2015,375876.01340,431325.68670,11257,33.39042492671,37.07285158158657,-55449.67330,-14.75211807200,-4.92579490983
27/12/2014,110162.13200,112383.55920,2676,41.16671599402,37.07285158158657,-2221.42720,-2.01650708800,-0.83012974589
27/12/2015,69522.83697,64616.07665,1692,41.08914714539,37.07285158158657,4906.76032,7.05776768300,2.89997654846
27/2/2014,344299.68240,365935.65300,11082,31.06837054683,37.07285158158657,-21635.97060,-6.28405186100,-1.95235251760
27/2/2015,307540.67520,324997.33650,8156,37.70729220206,37.07285158158657,-17456.66130,-5.67621219200,-2.14034591712
27/2/2016,215951.50790,210032.78810,5609,38.50089283295,37.07285158158657,5918.71980,2.74076335800,1.05521836334
27/3/2014,119452.33960,118186.57500,3543,33.71502670054,37.07285158158657,1265.76460,1.05963985700,0.35725786057
27/3/2015,354191.35100,386464.65130,9386,37.73613370978,37.07285158158657,-32273.30030,-9.11182619500,-3.43845091626
27/3/2016,58359.83218,57681.56988,1466,39.80888961801,37.07285158158657,678.26230,1.16220742000,0.46266186903
27/4/2014,124964.79650,123042.15900,3592,34.78975403675,37.07285158158657,1922.63750,1.53854329700,0.53525542873
27/4/2015,194028.06180,204053.49890,5014,38.69726003191,37.07285158158657,-10025.43710,-5.16700368300,-1.99948885122
27/4/2016,313434.93330,337931.11700,9182,34.13580192768,37.07285158158657,-24496.18370,-7.81539678500,-2.66784836637
27/5/2014,226132.46390,234496.51280,7023,32.19884150648,37.07285158158657,-8364.04890,-3.69873867500,-1.19095100384
27/5/2015,243554.22430,262251.08010,6453,37.74279006664,37.07285158158657,-18696.85580,-7.67667071000,-2.89738971021
27/5/2016,364087.42430,386499.89640,10624,34.27027713667,37.07285158158657,-22412.47210,-6.15579407700,-2.10960769014
27/6/2014,131721.23830,127302.42710,3759,35.04156379356,37.07285158158657,4418.81120,3.35466873600,1.17552838521
27/6/2015,369245.75870,392017.97350,9770,37.79383405322,37.07285158158657,-22772.21480,-6.16722447400,-2.33083058342
27/6/2016,253702.22300,274426.08030,7593,33.41264625313,37.07285158158657,-20723.85730,-8.16857537000,-2.72933719215
27/7/2014,266305.92590,277238.01040,8207,32.44863237480,37.07285158158657,-10932.08450,-4.10508495600,-1.33204392592
27/7/2015,86842.86136,90242.79410,2242,38.73455011597,37.07285158158657,-3399.93274,-3.91503997800,-1.51647312221
27/7/2016,67780.72889,58196.14599,1611,42.07369887647,37.07285158158657,9584.58290,14.14057219100,5.94946176288
27/8/2014,274712.25330,304334.78460,8909,30.83536348636,37.07285158158657,-29622.53130,-10.78311249100,-3.32501193175
27/8/2015,228731.86550,252845.44560,6675,34.26694614232,37.07285158158657,-24113.58010,-10.54229153700,-3.61252136330
27/8/2016,355069.54010,376755.56450,10393,34.16429713269,37.07285158158657,-21686.02440,-6.10754287600,-2.08659909555
27/9/2014,617019.09150,661010.59130,19017,32.44565870011,37.07285158158657,-43991.49980,-7.12968211300,-2.31327232476
27/9/2015,163289.93670,185404.04400,4895,33.35851617978,37.07285158158657,-22114.10730,-13.54284761600,-4.51769301328
27/9/2016,58941.79283,52812.78251,1462,40.31586376881,37.07285158158657,6129.01032,10.39841176500,4.19220952120
28/1/2014,50415.90376,49769.09824,1476,34.15711636856,37.07285158158657,646.80552,1.28293945300,0.43821512195
28/1/2015,59897.71588,61194.18026,1455,41.16681503780,37.07285158158657,-1296.46438,-2.16446380500,-0.89104081100
28/1/2016,195767.97360,210639.84820,5723,34.20722935523,37.07285158158657,-14871.87460,-7.59668413900,-2.59861516687
28/10/2014,89527.55663,87067.05132,2435,36.76696370842,37.07285158158657,2460.50531,2.74832174900,1.01047445996
28/10/2015,159299.98910,174699.07670,4532,35.15004172551,37.07285158158657,-15399.08760,-9.66672231900,-3.39785692851
28/10/2016,102606.32700,92657.69953,2405,42.66375343035,37.07285158158657,9948.62747,9.69592008700,4.13664343867
28/11/2014,46818.20532,40652.57641,1096,42.71734062044,37.07285158158657,6165.62891,13.16929785700,5.62557382299
28/11/2015,434639.65900,498895.61860,13019,33.38502642292,37.07285158158657,-64255.95960,-14.78373136700,-4.93555262309
28/12/2014,69051.33709,70482.71780,1677,41.17551406679,37.07285158158657,-1431.38071,-2.07292251000,-0.85353649970
28/12/2015,133021.27280,123500.78780,3234,41.13211898578,37.07285158158657,9520.48500,7.15711464800,2.94387291280
28/2/2014,661876.50000,686656.79100,20805,31.81333813987,37.07285158158657,-24780.29100,-3.74394483000,-1.19107382841
28/2/2015,350898.76350,375030.63550,9296,37.74728523021,37.07285158158657,-24131.87200,-6.87716074000,-2.59594148021
28/2/2016,134995.85450,129938.70580,3452,39.10656271727,37.07285158158657,5057.14870,3.74615110900,1.46499093279
28/3/2014,276174.76930,271550.89560,8130,33.96983632226,37.07285158158657,4623.87370,1.67425638200,0.56874215252
28/3/2015,459484.66660,501362.57250,12181,37.72142407027,37.07285158158657,-41877.90590,-9.11410302500,-3.43796945243
28/3/2016,85605.33192,85022.38092,2162,39.59543567068,37.07285158158657,582.95100,0.68097510600,0.26963506013
28/4/2014,124175.80840,122516.06570,3576,34.72477863535,37.07285158158657,1659.74270,1.33660712300,0.46413386465
28/4/2015,190560.57920,200804.03680,4936,38.60627617504,37.07285158158657,-10243.45760,-5.37543370400,-2.07525478120
28/4/2016,257324.60310,276852.17990,7520,34.21869722074,37.07285158158657,-19527.57680,-7.58869403300,-2.59675223404
28/5/2014,243720.86800,252929.29470,7579,32.15739121256,37.07285158158657,-9208.42670,-3.77826764500,-1.21499230769
28/5/2015,217746.01290,234483.41700,5770,37.73761055459,37.07285158158657,-16737.40410,-7.68666386900,-2.90076327556
28/5/2016,397480.36950,421674.10190,11590,34.29511384814,37.07285158158657,-24193.73240,-6.08677415500,-2.08746612597
28/6/2014,146169.07660,141012.32940,4172,35.03573264621,37.07285158158657,5156.74720,3.52793307600,1.23603720038
28/6/2015,185648.49110,197095.10870,4914,37.77950571836,37.07285158158657,-11446.61760,-6.16574771600,-2.32938901099
28/6/2016,200616.07620,217104.57970,6007,33.39704947561,37.07285158158657,-16488.50350,-8.21893430100,-2.74488155485
28/7/2014,292634.74570,304508.37900,9018,32.45007160124,37.07285158158657,-11873.63330,-4.05749265100,-1.31665927035
28/7/2015,56976.78528,59094.07686,1474,38.65453546811,37.07285158158657,-2117.29158,-3.71606009300,-1.43642576662
28/7/2016,51907.94315,44544.63074,1234,42.06478375203,37.07285158158657,7363.31241,14.18532880200,5.96702788493
28/8/2014,258066.16940,287168.56610,8400,30.72216302381,37.07285158158657,-29102.39670,-11.27710647500,-3.46457103571
28/8/2015,387639.12000,426783.30220,11330,34.21351456311,37.07285158158657,-39144.18220,-10.09809902600,-3.45491458076
28/8/2016,153893.68520,163401.32920,4507,34.14548151764,37.07285158158657,-9507.64400,-6.17805986500,-2.10952828933
28/9/2014,283850.59710,304440.65150,8747,32.45119436378,37.07285158158657,-20590.05440,-7.25383515500,-2.35395614496
28/9/2015,190892.45900,216571.05950,5720,33.37280751748,37.07285158158657,-25678.60050,-13.45186742000,-4.48926582168
28/9/2016,58796.78502,57168.56050,1581,37.18961734345,37.07285158158657,1628.22452,2.76924073200,1.02987003163
29/1/2014,67458.30189,66529.44200,1974,34.17340521277,37.07285158158657,928.85989,1.37693933000,0.47054705674
29/1/2015,57310.19404,58531.41099,1392,41.17111640805,37.07285158158657,-1221.21695,-2.13088957500,-0.87731102730
29/1/2016,397984.32930,437198.92960,11900,33.44406128571,37.07285158158657,-39214.60030,-9.85330260800,-3.29534456303
29/10/2014,81991.88284,80112.54801,2232,36.73471453405,37.07285158158657,1879.33483,2.29209863800,0.84199589158
29/10/2015,119047.40990,124349.26550,3231,36.84537601362,37.07285158158657,-5301.85560,-4.45356652800,-1.64093333333
29/10/2016,124988.15550,113187.84600,2929,42.67263758962,37.07285158158657,11800.30950,9.44114220500,4.02878439741
29/11/2014,88321.62555,79880.24368,2068,42.70871641683,37.07285158158657,8441.38187,9.55754812900,4.08190612669
29/11/2015,238637.81640,274093.57800,7139,33.42734506233,37.07285158158657,-35455.76160,-14.85756203100,-4.96648852781
29/12/2014,133307.36900,136003.48250,3237,41.18238152610,37.07285158158657,-2696.11350,-2.02247896700,-0.83290500463
29/12/2015,161267.52060,175378.14590,4592,35.11923358014,37.07285158158657,-14110.62530,-8.74982466900,-3.07287136324
29/2/2016,163079.37800,160332.58940,4270,38.19189180328,37.07285158158657,2746.78860,1.68432614500,0.64327601874
29/3/2014,357369.26690,352250.83010,10518,33.97692212398,37.07285158158657,5118.43680,1.43225433000,0.48663593839
29/3/2015,224102.88850,244359.80750,5937,37.74682305878,37.07285158158657,-20256.91900,-9.03911553100,-3.41197894560
29/3/2016,84836.41434,84595.21793,2155,39.36724563341,37.07285158158657,241.19641,0.28430764300,0.11192408817
29/4/2014,131842.57160,130405.26390,3807,34.63161849225,37.07285158158657,1437.30770,1.09016964900,0.37754339375
29/4/2015,198985.39960,209483.87580,5150,38.63794166990,37.07285158158657,-10498.47620,-5.27600327500,-2.03853906796
29/4/2016,455554.33600,489215.06750,13321,34.19820854290,37.07285158158657,-33660.73150,-7.38896084200,-2.52689223782
29/5/2014,207429.42900,215118.84650,6448,32.16957645782,37.07285158158657,-7689.41750,-3.70700413000,-1.19252752792
29/5/2015,472160.75210,508265.14700,12507,37.75171920525,37.07285158158657,-36104.39490,-7.64663194500,-2.88673502039
29/5/2016,204028.17680,216777.31570,5959,34.23866031213,37.07285158158657,-12749.13890,-6.24871481000,-2.13947623762
29/6/2014,62073.58541,60083.86984,1772,35.03024007336,37.07285158158657,1989.71557,3.20541427900,1.12286431716
29/6/2015,165557.76180,175871.11090,4385,37.75547589510,37.07285158158657,-10313.34910,-6.22945670900,-2.35196102623
29/6/2016,211700.81320,229023.81070,6345,33.36498237983,37.07285158158657,-17322.99750,-8.18277324400,-2.73018085106
29/7/2014,212360.99310,221017.07310,6548,32.43142839035,37.07285158158657,-8656.08000,-4.07611580300,-1.32194257789
29/7/2015,53433.66803,55516.52556,1381,38.69201160753,37.07285158158657,-2082.85753,-3.89802461000,-1.50822413469
29/7/2016,93508.63389,80346.69413,2223,42.06416279352,37.07285158158657,13161.93976,14.07564116000,5.92080061179
29/8/2014,594007.21320,660937.80480,19317,30.75048988973,37.07285158158657,-66930.59160,-11.26763953600,-3.46485435627
29/8/2015,461188.00490,504578.18880,13484,34.20261086473,37.07285158158657,-43390.18390,-9.40835048600,-3.21790150549
29/8/2016,159625.74090,169479.10610,4672,34.16646851455,37.07285158158657,-9853.36520,-6.17279214800,-2.10902508562
29/9/2014,264317.11040,283912.96870,8147,32.44348967718,37.07285158158657,-19595.85830,-7.41376836000,-2.40528517246
29/9/2015,143082.13330,162929.01850,4288,33.36803481810,37.07285158158657,-19846.88520,-13.87097378400,-4.62847136194
29/9/2016,57019.38967,55187.38391,1534,37.17039743807,37.07285158158657,1832.00576,3.21295224400,1.19426711864
3/1/2014,326906.07420,333806.29190,10084,32.41829375248,37.07285158158657,-6900.21770,-2.11076460300,-0.68427386950
3/1/2015,245813.28830,267734.72530,6371,38.58315622351,37.07285158158657,-21921.43700,-8.91792187100,-3.44081572752
3/1/2016,164527.53890,179308.94950,4694,35.05060479335,37.07285158158657,-14781.41060,-8.98415590400,-3.14900097997
3/10/2014,518693.52870,557939.36930,15986,32.44673643813,37.07285158158657,-39245.84060,-7.56628691700,-2.45501317403
3/10/2015,451100.06010,515549.38990,13508,33.39502961948,37.07285158158657,-64449.32980,-14.28714724300,-4.77119705360
3/10/2016,142758.88110,126506.34470,3540,40.32736754237,37.07285158158657,16252.53640,11.38460618000,4.59111197740
3/11/2014,205368.92260,201281.23900,5581,36.79787181509,37.07285158158657,4087.68360,1.99041001300,0.73242852535
3/11/2015,192001.03460,201125.77550,5211,36.84533383228,37.07285158158657,-9124.74090,-4.75244361000,-1.75105371330
3/11/2016,97039.00987,89413.41597,2266,42.82392315534,37.07285158158657,7625.59390,7.85827669700,3.36522237423
3/12/2014,71590.36929,69654.93031,1784,40.12913076794,37.07285158158657,1935.43898,2.70349070600,1.08488732063
3/12/2015,201048.83050,219110.39320,5732,35.07481341591,37.07285158158657,-18061.56270,-8.98366961700,-3.15100535590
3/2/2014,143192.53340,140505.63470,4191,34.16667463613,37.07285158158657,2686.89870,1.87642374700,0.64111159628
3/2/2015,102072.44340,103634.96420,2479,41.17484606696,37.07285158158657,-1562.52080,-1.53079592100,-0.63030286406
3/2/2016,264159.30060,280392.27360,7712,34.25302134336,37.07285158158657,-16232.97300,-6.14514535900,-2.10489795124
3/3/2014,538827.20210,557567.13700,16884,31.91348034234,37.07285158158657,-18739.93490,-3.47791181000,-1.10992270197
3/3/2015,249380.56540,268761.83240,6611,37.72206404477,37.07285158158657,-19381.26700,-7.77176319600,-2.93166949024
3/3/2016,129719.05050,131961.93250,3364,38.56095436980,37.07285158158657,-2242.88200,-1.72903054100,-0.66673067776
3/4/2014,136001.97820,134523.06860,3997,34.02601406055,37.07285158158657,1478.90960,1.08741771200,0.37000490368
3/4/2015,510289.21560,554159.81940,13503,37.79080319929,37.07285158158657,-43870.60380,-8.59720379300,-3.24895236614
